../Core/Src/main.c:68:5:__io_putchar	16	static
../Core/Src/main.c:86:7:calc_pwm	24	static
../Core/Src/main.c:94:6:HAL_TIM_PeriodElapsedCallback	16	static
../Core/Src/main.c:132:5:main	16	static
../Core/Src/main.c:217:6:SystemClock_Config	88	static
../Core/Src/main.c:264:13:MX_ADC1_Init	24	static
../Core/Src/main.c:325:13:MX_TIM1_Init	96	static
../Core/Src/main.c:413:13:MX_TIM3_Init	64	static
../Core/Src/main.c:476:13:MX_USART2_UART_Init	8	static
../Core/Src/main.c:507:13:MX_DMA_Init	16	static
../Core/Src/main.c:525:13:MX_GPIO_Init	48	static
../Core/Src/main.c:561:6:Error_Handler	4	static,ignoring_inline_asm
